// Jest Snapshot v1, https://goo.gl/fbAQLP

exports[`LoginSignUpForm renders correctly 1`] = `
<div>
  <div
    class="flex flex-auto w-full"
  >
    <div
      class="flex flex-col relative overflow-hidden h-auto text-foreground box-border bg-content1 outline-none data-[focus-visible=true]:z-10 data-[focus-visible=true]:outline-2 data-[focus-visible=true]:outline-focus data-[focus-visible=true]:outline-offset-2 shadow-medium rounded-none transition-transform-background motion-reduce:transition-none max-w-full w-[350px]"
      tabindex="-1"
    >
      <div
        class="relative flex w-full p-3 flex-auto flex-col place-content-inherit align-items-inherit h-auto break-words text-left subpixel-antialiased overflow-hidden"
      >
        <div
          aria-label="Tabs form"
          class="inline-flex w-full"
          data-slot="base"
        >
          <div
            aria-label="Tabs form"
            aria-orientation="horizontal"
            class="flex p-1 h-fit gap-2 items-center flex-nowrap overflow-x-scroll scrollbar-hide bg-default-100 rounded-medium w-full"
            data-slot="tabList"
            id="react-aria-:r0:"
            role="tablist"
          >
            <button
              aria-controls="react-aria-:r0:-tabpanel-login"
              aria-selected="true"
              class="z-0 w-full px-3 py-1 flex group relative justify-center items-center cursor-pointer transition-opacity tap-highlight-transparent data-[disabled=true]:cursor-not-allowed data-[disabled=true]:opacity-30 data-[hover-unselected=true]:opacity-disabled outline-none data-[focus-visible=true]:z-10 data-[focus-visible=true]:outline-2 data-[focus-visible=true]:outline-focus data-[focus-visible=true]:outline-offset-2 h-8 text-small rounded-small"
              data-key="login"
              data-selected="true"
              data-slot="tab"
              data-testid="login-tab"
              id="react-aria-:r0:-tab-login"
              role="tab"
              tabindex="0"
              type="button"
            >
              <span
                class="absolute z-0 inset-0 rounded-small bg-background dark:bg-default shadow-small"
                data-slot="cursor"
              />
              <div
                class="relative z-10 whitespace-nowrap transition-colors text-default-500 group-data-[selected=true]:text-default-foreground"
                data-slot="tabContent"
              >
                Login
              </div>
            </button>
            <button
              aria-selected="false"
              class="z-0 w-full px-3 py-1 flex group relative justify-center items-center cursor-pointer transition-opacity tap-highlight-transparent data-[disabled=true]:cursor-not-allowed data-[disabled=true]:opacity-30 data-[hover-unselected=true]:opacity-disabled outline-none data-[focus-visible=true]:z-10 data-[focus-visible=true]:outline-2 data-[focus-visible=true]:outline-focus data-[focus-visible=true]:outline-offset-2 h-8 text-small rounded-small"
              data-key="sign-up"
              data-slot="tab"
              data-testid="signup-tab"
              id="react-aria-:r0:-tab-sign-up"
              role="tab"
              tabindex="-1"
              type="button"
            >
              <div
                class="relative z-10 whitespace-nowrap transition-colors text-default-500 group-data-[selected=true]:text-default-foreground"
                data-slot="tabContent"
              >
                Sign up
              </div>
            </button>
          </div>
        </div>
        <div
          aria-labelledby="react-aria-:r0:-tab-login"
          class="py-3 px-1 data-[inert=true]:hidden outline-none data-[focus-visible=true]:z-10 data-[focus-visible=true]:outline-2 data-[focus-visible=true]:outline-focus data-[focus-visible=true]:outline-offset-2"
          data-focus="false"
          data-focus-visible="false"
          data-slot="panel"
          id="react-aria-:r0:-tabpanel-login"
          role="tabpanel"
        >
          <form
            class="flex flex-col gap-4"
          >
            <div
              class="group flex flex-col w-full"
              data-filled="true"
              data-filled-within="true"
              data-has-elements="true"
              data-has-label="true"
              data-required="true"
              data-slot="base"
            >
              <div
                class="relative w-full inline-flex tap-highlight-transparent shadow-sm px-3 bg-default-100 data-[hover=true]:bg-default-200 group-data-[focus=true]:bg-default-100 min-h-10 rounded-medium flex-col items-start justify-center gap-0 transition-background motion-reduce:transition-none !duration-150 outline-none group-data-[focus-visible=true]:z-10 group-data-[focus-visible=true]:ring-2 group-data-[focus-visible=true]:ring-focus group-data-[focus-visible=true]:ring-offset-2 group-data-[focus-visible=true]:ring-offset-background h-14 py-2"
                data-slot="input-wrapper"
                style="cursor: text;"
              >
                <label
                  class="absolute z-10 pointer-events-none origin-top-left rtl:origin-top-right subpixel-antialiased block text-foreground-500 cursor-text after:content-['*'] after:text-danger after:ml-0.5 rtl:after:ml-[unset] rtl:after:mr-0.5 will-change-auto !duration-200 !ease-out motion-reduce:transition-none transition-[transform,color,left,opacity] group-data-[filled-within=true]:text-default-600 group-data-[filled-within=true]:pointer-events-auto group-data-[filled-within=true]:scale-85 text-small group-data-[filled-within=true]:-translate-y-[calc(50%_+_theme(fontSize.small)/2_-_6px)] pe-2 max-w-full text-ellipsis overflow-hidden"
                  data-slot="label"
                  for="react-aria-:r4:"
                  id="react-aria-:r5:"
                >
                  Username
                </label>
                <div
                  class="inline-flex w-full items-center h-full box-border group-data-[has-label=true]:items-end pb-0.5"
                  data-slot="inner-wrapper"
                >
                  <input
                    aria-label="Username"
                    aria-labelledby="react-aria-:r4: react-aria-:r5:"
                    aria-required="true"
                    class="w-full font-normal bg-transparent !outline-none placeholder:text-foreground-500 focus-visible:outline-none data-[has-start-content=true]:ps-1.5 data-[has-end-content=true]:pe-1.5 text-small group-data-[has-value=true]:text-default-foreground"
                    data-slot="input"
                    data-testid="username-input"
                    id="react-aria-:r4:"
                    placeholder="Enter your username"
                    type="username"
                    value=""
                  />
                </div>
              </div>
            </div>
            <div
              class="group flex flex-col w-full"
              data-filled="true"
              data-filled-within="true"
              data-has-elements="true"
              data-has-label="true"
              data-required="true"
              data-slot="base"
            >
              <div
                class="relative w-full inline-flex tap-highlight-transparent shadow-sm px-3 bg-default-100 data-[hover=true]:bg-default-200 group-data-[focus=true]:bg-default-100 min-h-10 rounded-medium flex-col items-start justify-center gap-0 transition-background motion-reduce:transition-none !duration-150 outline-none group-data-[focus-visible=true]:z-10 group-data-[focus-visible=true]:ring-2 group-data-[focus-visible=true]:ring-focus group-data-[focus-visible=true]:ring-offset-2 group-data-[focus-visible=true]:ring-offset-background h-14 py-2"
                data-slot="input-wrapper"
                style="cursor: text;"
              >
                <label
                  class="absolute z-10 pointer-events-none origin-top-left rtl:origin-top-right subpixel-antialiased block text-foreground-500 cursor-text after:content-['*'] after:text-danger after:ml-0.5 rtl:after:ml-[unset] rtl:after:mr-0.5 will-change-auto !duration-200 !ease-out motion-reduce:transition-none transition-[transform,color,left,opacity] group-data-[filled-within=true]:text-default-600 group-data-[filled-within=true]:pointer-events-auto group-data-[filled-within=true]:scale-85 text-small group-data-[filled-within=true]:-translate-y-[calc(50%_+_theme(fontSize.small)/2_-_6px)] pe-2 max-w-full text-ellipsis overflow-hidden"
                  data-slot="label"
                  for="react-aria-:r9:"
                  id="react-aria-:ra:"
                >
                  Password
                </label>
                <div
                  class="inline-flex w-full items-center h-full box-border group-data-[has-label=true]:items-end pb-0.5"
                  data-slot="inner-wrapper"
                >
                  <input
                    aria-label="Password"
                    aria-labelledby="react-aria-:r9: react-aria-:ra:"
                    aria-required="true"
                    class="w-full font-normal bg-transparent !outline-none placeholder:text-foreground-500 focus-visible:outline-none data-[has-start-content=true]:ps-1.5 data-[has-end-content=true]:pe-1.5 text-small group-data-[has-value=true]:text-default-foreground"
                    data-slot="input"
                    data-testid="password-input"
                    id="react-aria-:r9:"
                    placeholder="Enter your password"
                    type="password"
                    value=""
                  />
                </div>
              </div>
            </div>
            <p
              class="text-center text-small"
            >
              Need to create an account?
              <a
                class="relative inline-flex items-center tap-highlight-transparent outline-none data-[focus-visible=true]:z-10 data-[focus-visible=true]:outline-2 data-[focus-visible=true]:outline-focus data-[focus-visible=true]:outline-offset-2 text-small text-primary no-underline hover:opacity-80 active:opacity-disabled transition-opacity"
                data-testid="tab-swap-link"
                role="link"
                tabindex="0"
              >
                Sign up
              </a>
            </p>
            <div
              class="flex gap-2 justify-end"
            >
              <button
                class="z-0 group relative inline-flex items-center justify-center box-border appearance-none select-none whitespace-nowrap font-normal subpixel-antialiased overflow-hidden tap-highlight-transparent data-[pressed=true]:scale-[0.97] outline-none data-[focus-visible=true]:z-10 data-[focus-visible=true]:outline-2 data-[focus-visible=true]:outline-focus data-[focus-visible=true]:outline-offset-2 px-4 min-w-20 h-10 text-small gap-2 rounded-medium w-full [&>svg]:max-w-[theme(spacing.8)] transition-transform-colors-opacity motion-reduce:transition-none bg-primary text-primary-foreground data-[hover=true]:opacity-hover"
                data-testid="submit-button"
                type="submit"
              >
                Login
              </button>
            </div>
          </form>
        </div>
      </div>
    </div>
  </div>
</div>
`;
