// Jest Snapshot v1, https://goo.gl/fbAQLP

exports[`LoginForm renders correctly 1`] = `
<div>
  <form>
    <div
      class="group flex flex-col w-full max-w-xs"
      data-has-elements="true"
      data-has-label="true"
      data-has-value="true"
      data-required="true"
      data-slot="base"
    >
      <div
        class="relative w-full inline-flex tap-highlight-transparent shadow-sm px-3 border-medium border-default-200 data-[hover=true]:border-default-400 group-data-[focus=true]:border-default-foreground min-h-10 rounded-medium flex-col items-start justify-center gap-0 transition-background !duration-150 transition-colors motion-reduce:transition-none h-14 py-2"
        data-slot="input-wrapper"
        style="cursor: text;"
      >
        <label
          class="absolute z-10 pointer-events-none origin-top-left rtl:origin-top-right subpixel-antialiased block text-foreground-500 cursor-text after:content-['*'] after:text-danger after:ml-0.5 rtl:after:ml-[unset] rtl:after:mr-0.5 will-change-auto !duration-200 !ease-out motion-reduce:transition-none transition-[transform,color,left,opacity] group-data-[filled-within=true]:text-default-600 group-data-[filled-within=true]:pointer-events-auto group-data-[filled-within=true]:scale-85 text-small group-data-[filled-within=true]:-translate-y-[calc(50%_+_theme(fontSize.small)/2_-_6px_-_theme(borderWidth.medium))] pe-2 max-w-full text-ellipsis overflow-hidden"
          data-slot="label"
          for="react-aria-:r0:"
          id="react-aria-:r1:"
        >
          Username
        </label>
        <div
          class="inline-flex w-full items-center h-full box-border group-data-[has-label=true]:items-end"
          data-slot="inner-wrapper"
        >
          <input
            aria-label="Username"
            aria-labelledby="react-aria-:r0: react-aria-:r1:"
            aria-required="true"
            class="w-full font-normal bg-transparent !outline-none placeholder:text-foreground-500 focus-visible:outline-none data-[has-start-content=true]:ps-1.5 data-[has-end-content=true]:pe-1.5 text-small"
            data-slot="input"
            id="react-aria-:r0:"
            type="username"
            value=""
          />
        </div>
      </div>
    </div>
    <div
      class="group flex flex-col w-full max-w-xs"
      data-has-elements="true"
      data-has-label="true"
      data-has-value="true"
      data-required="true"
      data-slot="base"
    >
      <div
        class="relative w-full inline-flex tap-highlight-transparent shadow-sm px-3 border-medium border-default-200 data-[hover=true]:border-default-400 group-data-[focus=true]:border-default-foreground min-h-10 rounded-medium flex-col items-start justify-center gap-0 transition-background !duration-150 transition-colors motion-reduce:transition-none h-14 py-2"
        data-slot="input-wrapper"
        style="cursor: text;"
      >
        <label
          class="absolute z-10 pointer-events-none origin-top-left rtl:origin-top-right subpixel-antialiased block text-foreground-500 cursor-text after:content-['*'] after:text-danger after:ml-0.5 rtl:after:ml-[unset] rtl:after:mr-0.5 will-change-auto !duration-200 !ease-out motion-reduce:transition-none transition-[transform,color,left,opacity] group-data-[filled-within=true]:text-default-600 group-data-[filled-within=true]:pointer-events-auto group-data-[filled-within=true]:scale-85 text-small group-data-[filled-within=true]:-translate-y-[calc(50%_+_theme(fontSize.small)/2_-_6px_-_theme(borderWidth.medium))] pe-2 max-w-full text-ellipsis overflow-hidden"
          data-slot="label"
          for="react-aria-:r5:"
          id="react-aria-:r6:"
        >
          Password
        </label>
        <div
          class="inline-flex w-full items-center h-full box-border group-data-[has-label=true]:items-end"
          data-slot="inner-wrapper"
        >
          <input
            aria-label="Password"
            aria-labelledby="react-aria-:r5: react-aria-:r6:"
            aria-required="true"
            class="w-full font-normal bg-transparent !outline-none placeholder:text-foreground-500 focus-visible:outline-none data-[has-start-content=true]:ps-1.5 data-[has-end-content=true]:pe-1.5 text-small"
            data-has-end-content="true"
            data-slot="input"
            id="react-aria-:r5:"
            type="password"
            value=""
          />
          <button
            class="focus:outline-none"
            type="button"
          >
            <svg
              aria-hidden="true"
              class="text-2xl text-default-400 pointer-events-none"
              fill="none"
              focusable="false"
              height="1em"
              role="presentation"
              viewBox="0 0 24 24"
              width="1em"
            >
              <path
                d="M21.25 9.14969C18.94 5.51969 15.56 3.42969 12 3.42969C10.22 3.42969 8.49 3.94969 6.91 4.91969C5.33 5.89969 3.91 7.32969 2.75 9.14969C1.75 10.7197 1.75 13.2697 2.75 14.8397C5.06 18.4797 8.44 20.5597 12 20.5597C13.78 20.5597 15.51 20.0397 17.09 19.0697C18.67 18.0897 20.09 16.6597 21.25 14.8397C22.25 13.2797 22.25 10.7197 21.25 9.14969ZM12 16.0397C9.76 16.0397 7.96 14.2297 7.96 11.9997C7.96 9.76969 9.76 7.95969 12 7.95969C14.24 7.95969 16.04 9.76969 16.04 11.9997C16.04 14.2297 14.24 16.0397 12 16.0397Z"
                fill="currentColor"
              />
              <path
                d="M11.9984 9.14062C10.4284 9.14062 9.14844 10.4206 9.14844 12.0006C9.14844 13.5706 10.4284 14.8506 11.9984 14.8506C13.5684 14.8506 14.8584 13.5706 14.8584 12.0006C14.8584 10.4306 13.5684 9.14062 11.9984 9.14062Z"
                fill="currentColor"
              />
            </svg>
          </button>
        </div>
      </div>
    </div>
    <button
      class="z-0 group relative inline-flex items-center justify-center box-border appearance-none select-none whitespace-nowrap font-normal subpixel-antialiased overflow-hidden tap-highlight-transparent data-[pressed=true]:scale-[0.97] outline-none data-[focus-visible=true]:z-10 data-[focus-visible=true]:outline-2 data-[focus-visible=true]:outline-focus data-[focus-visible=true]:outline-offset-2 px-4 min-w-20 h-10 text-small gap-2 rounded-medium [&>svg]:max-w-[theme(spacing.8)] transition-transform-colors-opacity motion-reduce:transition-none bg-primary text-primary-foreground data-[hover=true]:opacity-hover"
      data-testid="login-button"
      type="submit"
    >
      Login
    </button>
  </form>
</div>
`;
